<?php return array (
  0 => 'Symfony\\Bundle\\FrameworkBundle\\Controller\\AbstractController',
  1 => 'App\\Controller\\ArticleController',
  2 => 'App\\Controller\\ArticlesController',
  3 => 'App\\Controller\\CommentaireController',
  4 => 'App\\Controller\\GaleriesController',
  5 => 'App\\Controller\\PanierController',
  6 => 'App\\Controller\\RatingController',
  7 => 'App\\Controller\\ReclamController',
  8 => 'App\\Controller\\RegistrationController',
  9 => 'App\\Controller\\ReponseController',
  10 => 'App\\Controller\\ResetPasswordController',
  11 => 'App\\Controller\\SecurityController',
  12 => 'App\\Controller\\StatsController',
  13 => 'App\\Controller\\TypereclamationController',
  14 => 'App\\Controller\\UsersController',
  15 => 'App\\Entity\\Articles',
  16 => 'App\\Entity\\Commentaire',
  17 => 'App\\Entity\\DoctrineMigrationVersions',
  18 => 'App\\Entity\\Event',
  19 => 'App\\Entity\\Favoris',
  20 => 'App\\Entity\\Galeries',
  21 => 'App\\Entity\\MessengerMessages',
  22 => 'App\\Entity\\Panier',
  23 => 'App\\Entity\\PanierArticles',
  24 => 'App\\Entity\\Rating',
  25 => 'App\\Entity\\Reclam',
  26 => 'App\\Entity\\Reponse',
  27 => 'App\\Entity\\Reservation',
  28 => 'App\\Entity\\ResetPasswordRequest',
  29 => 'App\\Entity\\Role',
  30 => 'App\\Entity\\Typereclamation',
  31 => 'App\\Entity\\Users',
  32 => 'Doctrine\\Bundle\\DoctrineBundle\\Controller\\ProfilerController',
  33 => 'Doctrine\\ORM\\Cache\\Persister\\Entity\\AbstractEntityPersister',
  34 => 'Doctrine\\ORM\\Cache\\Persister\\Entity\\CachedEntityPersister',
  35 => 'Doctrine\\ORM\\Cache\\Persister\\Entity\\NonStrictReadWriteCachedEntityPersister',
  36 => 'Doctrine\\ORM\\Cache\\Persister\\Entity\\ReadOnlyCachedEntityPersister',
  37 => 'Doctrine\\ORM\\Cache\\Persister\\Entity\\ReadWriteCachedEntityPersister',
  38 => 'Doctrine\\ORM\\Persisters\\Entity\\AbstractEntityInheritancePersister',
  39 => 'Doctrine\\ORM\\Persisters\\Entity\\BasicEntityPersister',
  40 => 'Doctrine\\ORM\\Persisters\\Entity\\CachedPersisterContext',
  41 => 'Doctrine\\ORM\\Persisters\\Entity\\EntityPersister',
  42 => 'Doctrine\\ORM\\Persisters\\Entity\\JoinedSubclassPersister',
  43 => 'Doctrine\\ORM\\Persisters\\Entity\\SingleTablePersister',
  44 => 'Gedmo\\Loggable\\Entity\\LogEntry',
  45 => 'Gedmo\\Loggable\\Entity\\MappedSuperclass\\AbstractLogEntry',
  46 => 'Gedmo\\Loggable\\Entity\\Repository\\LogEntryRepository',
  47 => 'Gedmo\\Sortable\\Entity\\Repository\\SortableRepository',
  48 => 'Gedmo\\Translatable\\Entity\\MappedSuperclass\\AbstractPersonalTranslation',
  49 => 'Gedmo\\Translatable\\Entity\\MappedSuperclass\\AbstractTranslation',
  50 => 'Gedmo\\Translatable\\Entity\\Repository\\TranslationRepository',
  51 => 'Gedmo\\Translatable\\Entity\\Translation',
  52 => 'Gedmo\\Translator\\Entity\\Translation',
  53 => 'Gedmo\\Tree\\Entity\\MappedSuperclass\\AbstractClosure',
  54 => 'Gedmo\\Tree\\Entity\\Repository\\AbstractTreeRepository',
  55 => 'Gedmo\\Tree\\Entity\\Repository\\ClosureTreeRepository',
  56 => 'Gedmo\\Tree\\Entity\\Repository\\MaterializedPathRepository',
  57 => 'Gedmo\\Tree\\Entity\\Repository\\NestedTreeRepository',
  58 => 'SymfonyCasts\\Bundle\\ResetPassword\\Controller\\ResetPasswordControllerTrait',
  60 => 'Symfony\\Bundle\\FrameworkBundle\\Controller\\ControllerResolver',
  61 => 'Symfony\\Bundle\\FrameworkBundle\\Controller\\RedirectController',
  62 => 'Symfony\\Bundle\\FrameworkBundle\\Controller\\TemplateController',
  63 => 'Symfony\\Bundle\\WebProfilerBundle\\Controller\\ExceptionPanelController',
  64 => 'Symfony\\Bundle\\WebProfilerBundle\\Controller\\ProfilerController',
  65 => 'Symfony\\Bundle\\WebProfilerBundle\\Controller\\RouterController',
  66 => 'Symfony\\Component\\HttpKernel\\Controller\\ArgumentResolver',
  67 => 'Symfony\\Component\\HttpKernel\\Controller\\ArgumentResolverInterface',
  68 => 'Symfony\\Component\\HttpKernel\\Controller\\ArgumentResolver\\DefaultValueResolver',
  69 => 'Symfony\\Component\\HttpKernel\\Controller\\ArgumentResolver\\NotTaggedControllerValueResolver',
  70 => 'Symfony\\Component\\HttpKernel\\Controller\\ArgumentResolver\\RequestAttributeValueResolver',
  71 => 'Symfony\\Component\\HttpKernel\\Controller\\ArgumentResolver\\RequestValueResolver',
  72 => 'Symfony\\Component\\HttpKernel\\Controller\\ArgumentResolver\\ServiceValueResolver',
  73 => 'Symfony\\Component\\HttpKernel\\Controller\\ArgumentResolver\\SessionValueResolver',
  74 => 'Symfony\\Component\\HttpKernel\\Controller\\ArgumentResolver\\TraceableValueResolver',
  75 => 'Symfony\\Component\\HttpKernel\\Controller\\ArgumentResolver\\VariadicValueResolver',
  76 => 'Symfony\\Component\\HttpKernel\\Controller\\ArgumentValueResolverInterface',
  77 => 'Symfony\\Component\\HttpKernel\\Controller\\ContainerControllerResolver',
  78 => 'Symfony\\Component\\HttpKernel\\Controller\\ControllerReference',
  79 => 'Symfony\\Component\\HttpKernel\\Controller\\ControllerResolver',
  80 => 'Symfony\\Component\\HttpKernel\\Controller\\ControllerResolverInterface',
  81 => 'Symfony\\Component\\HttpKernel\\Controller\\ErrorController',
  82 => 'Symfony\\Component\\HttpKernel\\Controller\\TraceableArgumentResolver',
  83 => 'Symfony\\Component\\HttpKernel\\Controller\\TraceableControllerResolver',
  84 => 'Symfony\\Component\\Security\\Http\\Controller\\UserValueResolver',
  85 => 'Twilio\\Rest\\Verify\\V2\\Service\\Entity\\ChallengeContext',
  86 => 'Twilio\\Rest\\Verify\\V2\\Service\\Entity\\ChallengeInstance',
  87 => 'Twilio\\Rest\\Verify\\V2\\Service\\Entity\\ChallengeList',
  88 => 'Twilio\\Rest\\Verify\\V2\\Service\\Entity\\ChallengeOptions',
  89 => 'Twilio\\Rest\\Verify\\V2\\Service\\Entity\\ChallengePage',
  90 => 'Twilio\\Rest\\Verify\\V2\\Service\\Entity\\Challenge\\NotificationInstance',
  91 => 'Twilio\\Rest\\Verify\\V2\\Service\\Entity\\Challenge\\NotificationList',
  92 => 'Twilio\\Rest\\Verify\\V2\\Service\\Entity\\Challenge\\NotificationOptions',
  93 => 'Twilio\\Rest\\Verify\\V2\\Service\\Entity\\Challenge\\NotificationPage',
  94 => 'Twilio\\Rest\\Verify\\V2\\Service\\Entity\\FactorContext',
  95 => 'Twilio\\Rest\\Verify\\V2\\Service\\Entity\\FactorInstance',
  96 => 'Twilio\\Rest\\Verify\\V2\\Service\\Entity\\FactorList',
  97 => 'Twilio\\Rest\\Verify\\V2\\Service\\Entity\\FactorOptions',
  98 => 'Twilio\\Rest\\Verify\\V2\\Service\\Entity\\FactorPage',
  99 => 'Twilio\\Rest\\Verify\\V2\\Service\\Entity\\NewFactorInstance',
  100 => 'Twilio\\Rest\\Verify\\V2\\Service\\Entity\\NewFactorList',
  101 => 'Twilio\\Rest\\Verify\\V2\\Service\\Entity\\NewFactorOptions',
  102 => 'Twilio\\Rest\\Verify\\V2\\Service\\Entity\\NewFactorPage',
  103 => 'Vich\\UploaderBundle\\Entity\\File',
);